Feature [pos=838, type=0, str=153,61]
Feature [pos=858, type=0, str=128,01]
Feature [pos=880, type=0, str=0,00]
Feature [pos=915, type=0, str=0,00]
Feature [pos=977, type=0, str=20,00]
Feature [pos=997, type=0, str=128,01]
Feature [pos=1019, type=0, str=25,60]
Feature [pos=1085, type=0, str=004022]
Feature [pos=1222, type=0, str=104 000,00]
Feature [pos=1636, type=0, str=153,61]
Feature [pos=1719, type=0, str=3,165]
Feature [pos=1983, type=0, str=1,00]
Feature [pos=1989, type=0, str=128,01]
Feature [pos=1997, type=0, str=128,01]
Feature [pos=2092, type=0, str=20,00]
Feature [pos=2101, type=0, str=128,01]
Feature [pos=2109, type=0, str=25,60]
Feature [pos=2116, type=0, str=128,01]
Feature [pos=2124, type=0, str=153,61]
Feature [pos=2134, type=0, str=153,61]
Feature [pos=762, type=1, str=20190430]
Feature [pos=784, type=1, str=20190531]
Feature [pos=1419, type=1, str=30/04/2019]
Feature [pos=1624, type=1, str=31/05/2019]
Feature [pos=200, type=2, str=10D, rue de la ProductiqueBP]
Feature [pos=1047, type=2, str=10D, rue de la ProductiqueBP]
Feature [pos=1352, type=2, str=13, impasse Lavoisier]
Feature [pos=464, type=2, str=13, impasse Lavoisier]
Feature [pos=1076, type=3, str=90601]
Feature [pos=1091, type=3, str=42041]
Feature [pos=1258, type=3, str=489938837]
Feature [pos=1297, type=3, str=48993883700023]
Feature [pos=1337, type=3, str=FR64]
Feature [pos=1342, type=3, str=489938837]
Feature [pos=1380, type=3, str=5829C]
Feature [pos=1386, type=3, str=69680]
Feature [pos=1462, type=3, str=01297]
Feature [pos=1551, type=3, str=FR08439234170]
Feature [pos=1969, type=3, str=2019]
Feature [pos=2004, type=3, str=006]
Feature [pos=2087, type=3, str=006]
Feature [pos=50, type=3, str=FR64489938837]
Feature [pos=74, type=3, str=48993883700023]
Feature [pos=99, type=3, str=48993883700023]
Feature [pos=144, type=3, str=5829C]
Feature [pos=229, type=3, str=90601]
Feature [pos=289, type=3, str=42041]
Feature [pos=437, type=3, str=FR08439234170]
Feature [pos=547, type=3, str=69680]
Feature [pos=681, type=3, str=01297]
Feature [pos=720, type=3, str=004022]
